# command: python -m unittest discover -s src/security/tests -t . -v
# exit_code: 0
# tests_run: 337
------------------------------------------------------------------------------
test_01_permission_expansion_is_refused (src.security.tests.test_adversarial.TestAdversarial.test_01_permission_expansion_is_refused) ... ok
test_02_injected_authority_override_stays_data (src.security.tests.test_adversarial.TestAdversarial.test_02_injected_authority_override_stays_data) ... ok
test_03_secret_exfiltration_fixture (src.security.tests.test_adversarial.TestAdversarial.test_03_secret_exfiltration_fixture) ... ok
test_04_stale_policy_and_evidence_cannot_authorize (src.security.tests.test_adversarial.TestAdversarial.test_04_stale_policy_and_evidence_cannot_authorize) ... ok
test_05_wrong_subject_cannot_borrow_authority (src.security.tests.test_adversarial.TestAdversarial.test_05_wrong_subject_cannot_borrow_authority) ... ok
test_06_malicious_tool_output_is_quarantined (src.security.tests.test_adversarial.TestAdversarial.test_06_malicious_tool_output_is_quarantined) ... ok
test_07_humangate_bypass_attempts_raise (src.security.tests.test_adversarial.TestAdversarial.test_07_humangate_bypass_attempts_raise) ... ok
test_08_proxies_cannot_clear_a_veto (src.security.tests.test_adversarial.TestAdversarial.test_08_proxies_cannot_clear_a_veto) ... ok
test_09_unknown_action_fails_closed (src.security.tests.test_adversarial.TestAdversarial.test_09_unknown_action_fails_closed) ... ok
test_10_malformed_envelope_fails_closed (src.security.tests.test_adversarial.TestAdversarial.test_10_malformed_envelope_fails_closed) ... ok
test_11_independent_lane_secret_shapes_are_blocked (src.security.tests.test_adversarial.TestAdversarial.test_11_independent_lane_secret_shapes_are_blocked) ... ok
test_12_json_mapping_credential_is_blocked (src.security.tests.test_adversarial.TestAdversarial.test_12_json_mapping_credential_is_blocked) ... ok
test_13_unscannable_bytes_are_fail_closed (src.security.tests.test_adversarial.TestAdversarial.test_13_unscannable_bytes_are_fail_closed) ... ok
test_14_ordinary_operational_text_is_not_flagged_as_pii (src.security.tests.test_adversarial.TestAdversarial.test_14_ordinary_operational_text_is_not_flagged_as_pii) ... ok
test_clean_payload_passes (src.security.tests.test_classification.TestAssertNoSecret.test_clean_payload_passes) ... ok
test_code_is_stable (src.security.tests.test_classification.TestAssertNoSecret.test_code_is_stable) ... ok
test_empty_payload_is_refused (src.security.tests.test_classification.TestAssertNoSecret.test_empty_payload_is_refused) ... ok
test_non_mapping_payload_is_refused (src.security.tests.test_classification.TestAssertNoSecret.test_non_mapping_payload_is_refused) ... ok
test_secret_is_blocked (src.security.tests.test_classification.TestAssertNoSecret.test_secret_is_blocked) ... ok
test_aws_key_is_secret (src.security.tests.test_classification.TestClassify.test_aws_key_is_secret) ... ok
test_card_like_number_is_pii (src.security.tests.test_classification.TestClassify.test_card_like_number_is_pii) ... ok
test_class_order_is_monotonic (src.security.tests.test_classification.TestClassify.test_class_order_is_monotonic) ... ok
test_email_is_pii (src.security.tests.test_classification.TestClassify.test_email_is_pii) ... ok
test_non_string_is_secret_fail_closed (src.security.tests.test_classification.TestClassify.test_non_string_is_secret_fail_closed) ... ok
test_private_key_block_is_secret (src.security.tests.test_classification.TestClassify.test_private_key_block_is_secret) ... ok
test_public_text (src.security.tests.test_classification.TestClassify.test_public_text) ... ok
test_secret_outranks_pii (src.security.tests.test_classification.TestClassify.test_secret_outranks_pii) ... ok
test_taiwan_id_is_pii (src.security.tests.test_classification.TestClassify.test_taiwan_id_is_pii) ... ok
test_maps_each_value (src.security.tests.test_classification.TestClassifyMany.test_maps_each_value) ... ok
test_non_mapping_returns_empty (src.security.tests.test_classification.TestClassifyMany.test_non_mapping_returns_empty) ... ok
test_no_detector_is_vacuous_or_overflagging (src.security.tests.test_classification.TestDetectorSelftestClass.test_no_detector_is_vacuous_or_overflagging) ... ok
test_selftest_covers_real_world_and_benign_samples (src.security.tests.test_classification.TestDetectorSelftestReceiptFlags.test_selftest_covers_real_world_and_benign_samples) ... ok
test_selftest_refuses_when_a_benign_sample_is_flagged (src.security.tests.test_classification.TestDetectorSelftestReceiptFlags.test_selftest_refuses_when_a_benign_sample_is_flagged) ... ok
test_selftest_refuses_when_a_detector_is_vacuous (src.security.tests.test_classification.TestDetectorSelftestReceiptFlags.test_selftest_refuses_when_a_detector_is_vacuous) ... ok
test_selftest_reports_all_three_flags_per_detector (src.security.tests.test_classification.TestDetectorSelftestReceiptFlags.test_selftest_reports_all_three_flags_per_detector) ... ok
test_aws_secret_access_key_assignment (src.security.tests.test_classification.TestPlantSecretShapes.test_aws_secret_access_key_assignment) ... ok
test_aws_session_key_shape (src.security.tests.test_classification.TestPlantSecretShapes.test_aws_session_key_shape) ... ok
test_bearer_header_shape (src.security.tests.test_classification.TestPlantSecretShapes.test_bearer_header_shape) ... ok
test_every_planted_shape_classifies_secret (src.security.tests.test_classification.TestPlantSecretShapes.test_every_planted_shape_classifies_secret) ... ok
test_every_planted_shape_is_blocked_by_the_gate (src.security.tests.test_classification.TestPlantSecretShapes.test_every_planted_shape_is_blocked_by_the_gate) ... ok
test_every_planted_shape_is_redacted (src.security.tests.test_classification.TestPlantSecretShapes.test_every_planted_shape_is_redacted) ... ok
test_json_key_value_pair_is_caught (src.security.tests.test_classification.TestPlantSecretShapes.test_json_key_value_pair_is_caught) ... ok
test_json_mapping_value_is_redacted_and_blocked (src.security.tests.test_classification.TestPlantSecretShapes.test_json_mapping_value_is_redacted_and_blocked) ... ok
test_planted_shapes_still_leaves_benign_text_public (src.security.tests.test_classification.TestPlantSecretShapes.test_planted_shapes_still_leaves_benign_text_public) ... ok
test_real_world_sample_table_is_fully_covered (src.security.tests.test_classification.TestPlantSecretShapes.test_real_world_sample_table_is_fully_covered) ... ok
test_ssh_public_key_blob (src.security.tests.test_classification.TestPlantSecretShapes.test_ssh_public_key_blob) ... ok
test_vendor_prefixed_tokens (src.security.tests.test_classification.TestPlantSecretShapes.test_vendor_prefixed_tokens) ... ok
test_build_tag_inside_an_identifier_is_not_pii (src.security.tests.test_classification.TestPrincipledPiiDetectors.test_build_tag_inside_an_identifier_is_not_pii) ... ok
test_build_tag_of_taiwan_id_shape_stays_public (src.security.tests.test_classification.TestPrincipledPiiDetectors.test_build_tag_of_taiwan_id_shape_stays_public) ... ok
test_luhn_valid_card_number_is_pii (src.security.tests.test_classification.TestPrincipledPiiDetectors.test_luhn_valid_card_number_is_pii) ... ok
test_random_16_digit_order_reference_is_public (src.security.tests.test_classification.TestPrincipledPiiDetectors.test_random_16_digit_order_reference_is_public) ... ok
test_real_taiwan_id_is_still_pii (src.security.tests.test_classification.TestPrincipledPiiDetectors.test_real_taiwan_id_is_still_pii) ... ok
test_sanitize_build_tag_and_order_reference_stay_clean (src.security.tests.test_classification.TestPrincipledPiiDetectors.test_sanitize_build_tag_and_order_reference_stay_clean) ... ok
test_selftest_fails_when_a_luhn_valid_card_is_declared_benign (src.security.tests.test_classification.TestPrincipledPiiDetectors.test_selftest_fails_when_a_luhn_valid_card_is_declared_benign) ... ok
test_benign_text_is_byte_identical (src.security.tests.test_classification.TestRedact.test_benign_text_is_byte_identical) ... ok
test_custom_replacement_is_used (src.security.tests.test_classification.TestRedact.test_custom_replacement_is_used) ... ok
test_email_is_redacted (src.security.tests.test_classification.TestRedact.test_email_is_redacted) ... ok
test_secret_is_redacted (src.security.tests.test_classification.TestRedact.test_secret_is_redacted) ... ok
test_unicode_free_benign_number_is_not_flagged (src.security.tests.test_classification.TestRedact.test_unicode_free_benign_number_is_not_flagged) ... ok
test_clean_payload_reports_clean (src.security.tests.test_classification.TestSanitizeEvidence.test_clean_payload_reports_clean) ... ok
test_input_is_not_mutated (src.security.tests.test_classification.TestSanitizeEvidence.test_input_is_not_mutated) ... ok
test_nested_payload_is_redacted (src.security.tests.test_classification.TestSanitizeEvidence.test_nested_payload_is_redacted) ... ok
test_no_substring_of_secret_survives (src.security.tests.test_classification.TestSanitizeEvidence.test_no_substring_of_secret_survives) ... ok
test_receipt_reports_scanned_items_and_classes (src.security.tests.test_classification.TestSanitizeEvidence.test_receipt_reports_scanned_items_and_classes) ... ok
test_bytearray_scalar_is_blocked_by_the_gate (src.security.tests.test_classification.TestUnscannableBytes.test_bytearray_scalar_is_blocked_by_the_gate) ... ok
test_bytes_scalar_is_blocked_by_the_gate (src.security.tests.test_classification.TestUnscannableBytes.test_bytes_scalar_is_blocked_by_the_gate) ... ok
test_bytes_scalar_is_replaced_and_reported_unscannable (src.security.tests.test_classification.TestUnscannableBytes.test_bytes_scalar_is_replaced_and_reported_unscannable) ... ok
test_nested_bytes_scalar_is_counted (src.security.tests.test_classification.TestUnscannableBytes.test_nested_bytes_scalar_is_counted) ... ok
test_ordinary_scalars_are_not_flagged (src.security.tests.test_classification.TestUnscannableBytes.test_ordinary_scalars_are_not_flagged) ... ok
test_r3_01_unsupported_abi_major_is_refused (src.security.tests.test_humangate_currentness.TestCanonicalEnvelopeR3.test_r3_01_unsupported_abi_major_is_refused) ... ok
test_r3_02_missing_or_non_string_if06b_version_is_refused (src.security.tests.test_humangate_currentness.TestCanonicalEnvelopeR3.test_r3_02_missing_or_non_string_if06b_version_is_refused) ... ok
test_r3_03_wrong_payload_schema_version_is_refused (src.security.tests.test_humangate_currentness.TestCanonicalEnvelopeR3.test_r3_03_wrong_payload_schema_version_is_refused) ... ok
test_r3_04_unknown_writer_version_is_refused (src.security.tests.test_humangate_currentness.TestCanonicalEnvelopeR3.test_r3_04_unknown_writer_version_is_refused) ... ok
test_r3_05_unknown_compatibility_class_is_refused (src.security.tests.test_humangate_currentness.TestCanonicalEnvelopeR3.test_r3_05_unknown_compatibility_class_is_refused) ... ok
test_r3_06_empty_evidence_link_is_refused (src.security.tests.test_humangate_currentness.TestCanonicalEnvelopeR3.test_r3_06_empty_evidence_link_is_refused) ... ok
test_r3_07_min_reader_newer_than_reader_is_refused (src.security.tests.test_humangate_currentness.TestCanonicalEnvelopeR3.test_r3_07_min_reader_newer_than_reader_is_refused) ... ok
test_r3_08_valid_token_with_all_envelope_fields_is_approved (src.security.tests.test_humangate_currentness.TestCanonicalEnvelopeR3.test_r3_08_valid_token_with_all_envelope_fields_is_approved) ... ok
test_r3_09_schema_required_equals_canonical_42 (src.security.tests.test_humangate_currentness.TestCanonicalEnvelopeR3.test_r3_09_schema_required_equals_canonical_42) ... ok
test_r3_10_version_syntax_is_exact (src.security.tests.test_humangate_currentness.TestCanonicalEnvelopeR3.test_r3_10_version_syntax_is_exact) ... ok
test_r4_d1_01_p3_benign_operation_without_token_is_denied (src.security.tests.test_humangate_currentness.TestCanonicalGatePredicateD1.test_r4_d1_01_p3_benign_operation_without_token_is_denied) ... ok
test_r4_d1_02_p4_benign_operation_without_token_is_denied (src.security.tests.test_humangate_currentness.TestCanonicalGatePredicateD1.test_r4_d1_02_p4_benign_operation_without_token_is_denied) ... ok
test_r4_d1_03_p5_benign_operation_without_token_is_denied (src.security.tests.test_humangate_currentness.TestCanonicalGatePredicateD1.test_r4_d1_03_p5_benign_operation_without_token_is_denied) ... ok
test_r4_d1_04_p3_permission_class_only_benign_operation_is_denied (src.security.tests.test_humangate_currentness.TestCanonicalGatePredicateD1.test_r4_d1_04_p3_permission_class_only_benign_operation_is_denied) ... ok
test_r4_d1_05_p3_benign_operation_with_valid_token_passes (src.security.tests.test_humangate_currentness.TestCanonicalGatePredicateD1.test_r4_d1_05_p3_benign_operation_with_valid_token_passes) ... ok
test_r4_d1_06_p2_benign_operation_without_token_is_allowed (src.security.tests.test_humangate_currentness.TestCanonicalGatePredicateD1.test_r4_d1_06_p2_benign_operation_without_token_is_allowed) ... ok
test_r4_d1_07_explicit_high_risk_operation_with_p2_is_gated (src.security.tests.test_humangate_currentness.TestCanonicalGatePredicateD1.test_r4_d1_07_explicit_high_risk_operation_with_p2_is_gated) ... ok
test_r5_00_canonical_risk_domain_is_exact (src.security.tests.test_humangate_currentness.TestCanonicalRuinAndFailClosedEnumsR5.test_r5_00_canonical_risk_domain_is_exact) ... ok
test_r5_01_canonical_ruin_with_valid_token_is_hard_veto (src.security.tests.test_humangate_currentness.TestCanonicalRuinAndFailClosedEnumsR5.test_r5_01_canonical_ruin_with_valid_token_is_hard_veto) ... ok
test_r5_02_canonical_unknown_ruin_with_valid_token_is_safe_stop (src.security.tests.test_humangate_currentness.TestCanonicalRuinAndFailClosedEnumsR5.test_r5_02_canonical_unknown_ruin_with_valid_token_is_safe_stop) ... ok
test_r5_03_canonical_ruin_without_token_is_hard_veto_at_the_seam (src.security.tests.test_humangate_currentness.TestCanonicalRuinAndFailClosedEnumsR5.test_r5_03_canonical_ruin_without_token_is_hard_veto_at_the_seam) ... ok
test_r5_04_malformed_effect_risk_tier_is_safe_stop_not_ungated (src.security.tests.test_humangate_currentness.TestCanonicalRuinAndFailClosedEnumsR5.test_r5_04_malformed_effect_risk_tier_is_safe_stop_not_ungated) ... ok
test_r5_05_critical_and_high_gate_a_benign_operation_at_the_seam (src.security.tests.test_humangate_currentness.TestCanonicalRuinAndFailClosedEnumsR5.test_r5_05_critical_and_high_gate_a_benign_operation_at_the_seam) ... ok
test_r5_06_malformed_permission_class_is_refused_not_ungated (src.security.tests.test_humangate_currentness.TestCanonicalRuinAndFailClosedEnumsR5.test_r5_06_malformed_permission_class_is_refused_not_ungated) ... ok
test_r5_07_t3_benign_operation_requires_a_token (src.security.tests.test_humangate_currentness.TestCanonicalRuinAndFailClosedEnumsR5.test_r5_07_t3_benign_operation_requires_a_token) ... ok
test_r5_08_malformed_nonce_ledger_returns_a_typed_decision (src.security.tests.test_humangate_currentness.TestCanonicalRuinAndFailClosedEnumsR5.test_r5_08_malformed_nonce_ledger_returns_a_typed_decision) ... ok
test_r5_09_route_and_predicate_agree_on_the_unknown_operation (src.security.tests.test_humangate_currentness.TestCanonicalRuinAndFailClosedEnumsR5.test_r5_09_route_and_predicate_agree_on_the_unknown_operation) ... ok
test_r5_10_legacy_ruin_alias_cannot_weaken_a_canonical_value (src.security.tests.test_humangate_currentness.TestCanonicalRuinAndFailClosedEnumsR5.test_r5_10_legacy_ruin_alias_cannot_weaken_a_canonical_value) ... ok
test_r5_11_legacy_ruin_alias_still_vetoes_without_a_canonical_tier (src.security.tests.test_humangate_currentness.TestCanonicalRuinAndFailClosedEnumsR5.test_r5_11_legacy_ruin_alias_still_vetoes_without_a_canonical_tier) ... ok
test_a_generation_without_a_token_analog_is_never_satisfied (src.security.tests.test_humangate_currentness.TestFailClosedTypeHardeningR4.test_a_generation_without_a_token_analog_is_never_satisfied) ... ok
test_all_declared_token_generations_matching_passes (src.security.tests.test_humangate_currentness.TestFailClosedTypeHardeningR4.test_all_declared_token_generations_matching_passes) ... ok
test_every_declared_generation_is_checked_not_only_the_first (src.security.tests.test_humangate_currentness.TestFailClosedTypeHardeningR4.test_every_declared_generation_is_checked_not_only_the_first) ... ok
test_non_canonical_ctx_fails_closed (src.security.tests.test_humangate_currentness.TestFailClosedTypeHardeningR4.test_non_canonical_ctx_fails_closed) ... ok
test_non_canonical_request_fails_closed (src.security.tests.test_humangate_currentness.TestFailClosedTypeHardeningR4.test_non_canonical_request_fails_closed) ... ok
test_non_canonical_ruin_class_is_safe_stop (src.security.tests.test_humangate_currentness.TestFailClosedTypeHardeningR4.test_non_canonical_ruin_class_is_safe_stop) ... ok
test_12_bare_string_approved_is_refused (src.security.tests.test_humangate_currentness.TestHumanGateExactBoundApproval.test_12_bare_string_approved_is_refused) ... ok
test_13_bare_string_sure_go_ahead_is_refused (src.security.tests.test_humangate_currentness.TestHumanGateExactBoundApproval.test_13_bare_string_sure_go_ahead_is_refused) ... ok
test_14_bare_string_with_unrelated_actor_is_refused (src.security.tests.test_humangate_currentness.TestHumanGateExactBoundApproval.test_14_bare_string_with_unrelated_actor_is_refused) ... ok
test_15_wrong_subject_hash_is_denied (src.security.tests.test_humangate_currentness.TestHumanGateExactBoundApproval.test_15_wrong_subject_hash_is_denied) ... ok
test_16_wrong_operation_is_denied (src.security.tests.test_humangate_currentness.TestHumanGateExactBoundApproval.test_16_wrong_operation_is_denied) ... ok
test_17_broader_resource_set_is_denied (src.security.tests.test_humangate_currentness.TestHumanGateExactBoundApproval.test_17_broader_resource_set_is_denied) ... ok
test_18_broader_scope_set_is_denied (src.security.tests.test_humangate_currentness.TestHumanGateExactBoundApproval.test_18_broader_scope_set_is_denied) ... ok
test_19_wrong_environment_is_denied (src.security.tests.test_humangate_currentness.TestHumanGateExactBoundApproval.test_19_wrong_environment_is_denied) ... ok
test_20_wrong_data_class_is_denied (src.security.tests.test_humangate_currentness.TestHumanGateExactBoundApproval.test_20_wrong_data_class_is_denied) ... ok
test_21_expired_token_is_denied (src.security.tests.test_humangate_currentness.TestHumanGateExactBoundApproval.test_21_expired_token_is_denied) ... ok
test_22_not_yet_issued_token_is_denied (src.security.tests.test_humangate_currentness.TestHumanGateExactBoundApproval.test_22_not_yet_issued_token_is_denied) ... ok
test_23_commit_time_equal_to_expiry_is_denied (src.security.tests.test_humangate_currentness.TestHumanGateExactBoundApproval.test_23_commit_time_equal_to_expiry_is_denied) ... ok
test_24_non_active_token_state_is_denied (src.security.tests.test_humangate_currentness.TestHumanGateExactBoundApproval.test_24_non_active_token_state_is_denied) ... ok
test_25_stale_authn_session_generation_is_denied (src.security.tests.test_humangate_currentness.TestHumanGateExactBoundApproval.test_25_stale_authn_session_generation_is_denied) ... ok
test_26_stale_credential_generation_is_denied (src.security.tests.test_humangate_currentness.TestHumanGateExactBoundApproval.test_26_stale_credential_generation_is_denied) ... ok
test_27_stale_rights_security_provider_ruin_consent_generation_is_denied (src.security.tests.test_humangate_currentness.TestHumanGateExactBoundApproval.test_27_stale_rights_security_provider_ruin_consent_generation_is_denied) ... ok
test_28_non_human_approver_is_false_authority (src.security.tests.test_humangate_currentness.TestHumanGateExactBoundApproval.test_28_non_human_approver_is_false_authority) ... ok
test_29_self_issued_approval_is_refused (src.security.tests.test_humangate_currentness.TestHumanGateExactBoundApproval.test_29_self_issued_approval_is_refused) ... ok
test_30_stale_reauthentication_is_denied (src.security.tests.test_humangate_currentness.TestHumanGateExactBoundApproval.test_30_stale_reauthentication_is_denied) ... ok
test_31_non_canonical_authn_assurance_class_is_denied (src.security.tests.test_humangate_currentness.TestHumanGateExactBoundApproval.test_31_non_canonical_authn_assurance_class_is_denied) ... ok
test_32_missing_rollback_ref_for_p3_is_denied (src.security.tests.test_humangate_currentness.TestHumanGateExactBoundApproval.test_32_missing_rollback_ref_for_p3_is_denied) ... ok
test_33_consumer_audience_mismatch_is_denied (src.security.tests.test_humangate_currentness.TestHumanGateExactBoundApproval.test_33_consumer_audience_mismatch_is_denied) ... ok
test_34_no_trusted_key_registry_is_denied (src.security.tests.test_humangate_currentness.TestHumanGateExactBoundApproval.test_34_no_trusted_key_registry_is_denied) ... ok
test_35_unregistered_key_or_wrong_generation_is_denied (src.security.tests.test_humangate_currentness.TestHumanGateExactBoundApproval.test_35_unregistered_key_or_wrong_generation_is_denied) ... ok
test_36_replayed_nonce_is_denied (src.security.tests.test_humangate_currentness.TestHumanGateExactBoundApproval.test_36_replayed_nonce_is_denied) ... ok
test_37_t3_without_independent_checker_evidence_is_denied (src.security.tests.test_humangate_currentness.TestHumanGateExactBoundApproval.test_37_t3_without_independent_checker_evidence_is_denied) ... ok
test_38_t3_with_mismatched_checker_evidence_is_denied (src.security.tests.test_humangate_currentness.TestHumanGateExactBoundApproval.test_38_t3_with_mismatched_checker_evidence_is_denied) ... ok
test_39_bad_signature_or_digest_shape_is_denied (src.security.tests.test_humangate_currentness.TestHumanGateExactBoundApproval.test_39_bad_signature_or_digest_shape_is_denied) ... ok
test_40_wrong_integrity_profile_id_is_denied (src.security.tests.test_humangate_currentness.TestHumanGateExactBoundApproval.test_40_wrong_integrity_profile_id_is_denied) ... ok
test_41_valid_exact_bound_t2_p2_token_is_approved (src.security.tests.test_humangate_currentness.TestHumanGatePositiveControls.test_41_valid_exact_bound_t2_p2_token_is_approved) ... ok
test_42_consume_once_seam_passes_first_and_ledger_rejects_second (src.security.tests.test_humangate_currentness.TestHumanGatePositiveControls.test_42_consume_once_seam_passes_first_and_ledger_rejects_second) ... ok
test_fraction_free_floats_render_as_integers (src.security.tests.test_humangate_currentness.TestJCSNumberForms.test_fraction_free_floats_render_as_integers) ... ok
test_fractional_float_keeps_its_shortest_form (src.security.tests.test_humangate_currentness.TestJCSNumberForms.test_fractional_float_keeps_its_shortest_form) ... ok
test_negative_and_large_integers (src.security.tests.test_humangate_currentness.TestJCSNumberForms.test_negative_and_large_integers) ... ok
test_out_of_range_values_raise (src.security.tests.test_humangate_currentness.TestJCSNumberForms.test_out_of_range_values_raise) ... ok
test_small_decimal_float_expands_without_an_exponent (src.security.tests.test_humangate_currentness.TestJCSNumberForms.test_small_decimal_float_expands_without_an_exponent) ... ok
test_jcs_01_key_ordering_is_by_utf16_code_units (src.security.tests.test_humangate_currentness.TestJCSRFC8785.test_jcs_01_key_ordering_is_by_utf16_code_units) ... ok
test_jcs_02_output_has_no_insignificant_whitespace (src.security.tests.test_humangate_currentness.TestJCSRFC8785.test_jcs_02_output_has_no_insignificant_whitespace) ... ok
test_jcs_03_integers_render_without_a_fraction (src.security.tests.test_humangate_currentness.TestJCSRFC8785.test_jcs_03_integers_render_without_a_fraction) ... ok
test_jcs_04_non_ascii_string_round_trips (src.security.tests.test_humangate_currentness.TestJCSRFC8785.test_jcs_04_non_ascii_string_round_trips) ... ok
test_jcs_05_literals_and_arrays_in_order (src.security.tests.test_humangate_currentness.TestJCSRFC8785.test_jcs_05_literals_and_arrays_in_order) ... ok
test_jcs_06_profile_is_not_json_dumps (src.security.tests.test_humangate_currentness.TestJCSRFC8785.test_jcs_06_profile_is_not_json_dumps) ... ok
test_jcs_07_unsupported_numbers_raise_rather_than_guess (src.security.tests.test_humangate_currentness.TestJCSRFC8785.test_jcs_07_unsupported_numbers_raise_rather_than_guess) ... ok
test_01_expired_entitlement_without_now_fails_closed (src.security.tests.test_humangate_currentness.TestRightsCurrentness.test_01_expired_entitlement_without_now_fails_closed) ... ok
test_02_expired_entitlement_with_now_is_expired (src.security.tests.test_humangate_currentness.TestRightsCurrentness.test_02_expired_entitlement_with_now_is_expired) ... ok
test_03_now_equal_to_expiry_is_expired (src.security.tests.test_humangate_currentness.TestRightsCurrentness.test_03_now_equal_to_expiry_is_expired) ... ok
test_04_malformed_now_fails_closed (src.security.tests.test_humangate_currentness.TestRightsCurrentness.test_04_malformed_now_fails_closed) ... ok
test_05_revoked_scope_is_revoked (src.security.tests.test_humangate_currentness.TestRightsCurrentness.test_05_revoked_scope_is_revoked) ... ok
test_06_no_expiry_scope_without_now_still_entitled (src.security.tests.test_humangate_currentness.TestRightsCurrentness.test_06_no_expiry_scope_without_now_still_entitled) ... ok
test_07_no_expiry_scope_with_now_still_entitled (src.security.tests.test_humangate_currentness.TestRightsCurrentness.test_07_no_expiry_scope_with_now_still_entitled) ... ok
test_08_expired_credential_scope_without_now_fails_closed (src.security.tests.test_humangate_currentness.TestRightsCurrentness.test_08_expired_credential_scope_without_now_fails_closed) ... ok
test_09_expired_credential_scope_with_now_is_expired (src.security.tests.test_humangate_currentness.TestRightsCurrentness.test_09_expired_credential_scope_with_now_is_expired) ... ok
test_10_live_credential_scope_with_now_passes (src.security.tests.test_humangate_currentness.TestRightsCurrentness.test_10_live_credential_scope_with_now_passes) ... ok
test_11_live_entitlement_with_now_is_entitled (src.security.tests.test_humangate_currentness.TestRightsCurrentness.test_11_live_entitlement_with_now_is_entitled) ... ok
test_r2_08_understated_route_for_a_high_risk_action_is_refused (src.security.tests.test_humangate_currentness.TestRouteReDerivationR2.test_r2_08_understated_route_for_a_high_risk_action_is_refused) ... ok
test_r2_09_underivable_route_without_a_request_fails_closed (src.security.tests.test_humangate_currentness.TestRouteReDerivationR2.test_r2_09_underivable_route_without_a_request_fails_closed) ... ok
test_r2_10_agreed_low_risk_route_returns_none (src.security.tests.test_humangate_currentness.TestRouteReDerivationR2.test_r2_10_agreed_low_risk_route_returns_none) ... ok
test_r2_11_p3_request_with_bare_string_approval_needs_a_typed_token (src.security.tests.test_humangate_currentness.TestRouteReDerivationR2.test_r2_11_p3_request_with_bare_string_approval_needs_a_typed_token) ... ok
test_r2_12_p3_request_with_a_valid_typed_token_passes (src.security.tests.test_humangate_currentness.TestRouteReDerivationR2.test_r2_12_p3_request_with_a_valid_typed_token_passes) ... ok
test_r4_d2_01_valid_token_with_ruin_is_hard_veto (src.security.tests.test_humangate_currentness.TestRuinPrecedenceD2.test_r4_d2_01_valid_token_with_ruin_is_hard_veto) ... ok
test_r4_d2_02_valid_token_with_unknown_ruin_is_safe_stop (src.security.tests.test_humangate_currentness.TestRuinPrecedenceD2.test_r4_d2_02_valid_token_with_unknown_ruin_is_safe_stop) ... ok
test_r4_d2_03_no_token_with_ruin_is_hard_veto_at_the_seam (src.security.tests.test_humangate_currentness.TestRuinPrecedenceD2.test_r4_d2_03_no_token_with_ruin_is_hard_veto_at_the_seam) ... ok
test_r4_d2_04_valid_token_with_ruin_is_hard_veto_at_the_seam (src.security.tests.test_humangate_currentness.TestRuinPrecedenceD2.test_r4_d2_04_valid_token_with_ruin_is_hard_veto_at_the_seam) ... ok
test_r4_d2_05_valid_token_with_unknown_ruin_is_safe_stop_at_the_seam (src.security.tests.test_humangate_currentness.TestRuinPrecedenceD2.test_r4_d2_05_valid_token_with_unknown_ruin_is_safe_stop_at_the_seam) ... ok
test_r4_d2_06_ruin_predicate_is_first (src.security.tests.test_humangate_currentness.TestRuinPrecedenceD2.test_r4_d2_06_ruin_predicate_is_first) ... ok
test_r2_01_forged_signature_shape_is_refused_by_real_ed25519 (src.security.tests.test_humangate_currentness.TestSignatureDelegationR2.test_r2_01_forged_signature_shape_is_refused_by_real_ed25519) ... ok
test_r2_02_honest_registry_verifies_a_matching_token (src.security.tests.test_humangate_currentness.TestSignatureDelegationR2.test_r2_02_honest_registry_verifies_a_matching_token) ... ok
test_r2_03_honest_registry_rejects_a_tampered_payload (src.security.tests.test_humangate_currentness.TestSignatureDelegationR2.test_r2_03_honest_registry_rejects_a_tampered_payload) ... ok
test_r2_04_honest_registry_rejects_wrong_key_generation (src.security.tests.test_humangate_currentness.TestSignatureDelegationR2.test_r2_04_honest_registry_rejects_wrong_key_generation) ... ok
test_r2_05_non_resolving_or_raising_resolver_is_denied (src.security.tests.test_humangate_currentness.TestSignatureDelegationR2.test_r2_05_non_resolving_or_raising_resolver_is_denied) ... ok
test_r2_06_absent_registry_is_denied (src.security.tests.test_humangate_currentness.TestSignatureDelegationR2.test_r2_06_absent_registry_is_denied) ... ok
test_r2_07_approver_equal_to_actor_is_false_authority (src.security.tests.test_humangate_currentness.TestSignatureDelegationR2.test_r2_07_approver_equal_to_actor_is_false_authority) ... ok
test_r2_13_canonical_payload_is_deterministic_and_field_sensitive (src.security.tests.test_humangate_currentness.TestSignatureDelegationR2.test_r2_13_canonical_payload_is_deterministic_and_field_sensitive) ... ok
test_r4_d3_01_signature_over_non_framed_payload_is_denied (src.security.tests.test_humangate_currentness.TestTokenIntegrityLineageBasisD3.test_r4_d3_01_signature_over_non_framed_payload_is_denied) ... ok
test_r4_d3_02_signature_over_framed_but_non_jcs_payload_is_denied (src.security.tests.test_humangate_currentness.TestTokenIntegrityLineageBasisD3.test_r4_d3_02_signature_over_framed_but_non_jcs_payload_is_denied) ... ok
test_r4_d3_03_unknown_key_or_wrong_generation_is_denied (src.security.tests.test_humangate_currentness.TestTokenIntegrityLineageBasisD3.test_r4_d3_03_unknown_key_or_wrong_generation_is_denied) ... ok
test_r4_d3_04_real_ed25519_positive_control_passes (src.security.tests.test_humangate_currentness.TestTokenIntegrityLineageBasisD3.test_r4_d3_04_real_ed25519_positive_control_passes) ... ok
test_r4_d3_05_wrong_request_or_decision_id_is_denied (src.security.tests.test_humangate_currentness.TestTokenIntegrityLineageBasisD3.test_r4_d3_05_wrong_request_or_decision_id_is_denied) ... ok
test_r4_d3_06_wrong_approval_basis_hash_is_denied (src.security.tests.test_humangate_currentness.TestTokenIntegrityLineageBasisD3.test_r4_d3_06_wrong_approval_basis_hash_is_denied) ... ok
test_r4_d3_07_request_declares_a_generation_ctx_lacks (src.security.tests.test_humangate_currentness.TestTokenIntegrityLineageBasisD3.test_r4_d3_07_request_declares_a_generation_ctx_lacks) ... ok
test_r4_d3_08_declared_generation_must_match_ctx (src.security.tests.test_humangate_currentness.TestTokenIntegrityLineageBasisD3.test_r4_d3_08_declared_generation_must_match_ctx) ... ok
test_r4_d3_09_gated_request_with_absent_or_malformed_audience_is_denied (src.security.tests.test_humangate_currentness.TestTokenIntegrityLineageBasisD3.test_r4_d3_09_gated_request_with_absent_or_malformed_audience_is_denied) ... ok
test_r4_d3_10_checker_required_true_missing_ref_is_denied (src.security.tests.test_humangate_currentness.TestTokenIntegrityLineageBasisD3.test_r4_d3_10_checker_required_true_missing_ref_is_denied) ... ok
test_r4_d3_11_t3_forces_checker_required_true (src.security.tests.test_humangate_currentness.TestTokenIntegrityLineageBasisD3.test_r4_d3_11_t3_forces_checker_required_true) ... ok
test_r4_d3_12_checker_required_true_matching_ref_passes (src.security.tests.test_humangate_currentness.TestTokenIntegrityLineageBasisD3.test_r4_d3_12_checker_required_true_matching_ref_passes) ... ok
test_r4_d3_13_basis_recipe_is_exact (src.security.tests.test_humangate_currentness.TestTokenIntegrityLineageBasisD3.test_r4_d3_13_basis_recipe_is_exact) ... ok
test_quarantine_code (src.security.tests.test_injection.TestAssertNotQuarantined.test_quarantine_code) ... ok
test_raises_with_pattern_ids_in_message (src.security.tests.test_injection.TestAssertNotQuarantined.test_raises_with_pattern_ids_in_message) ... ok
test_returns_clean_verdict (src.security.tests.test_injection.TestAssertNotQuarantined.test_returns_clean_verdict) ... ok
test_every_pattern_is_covered (src.security.tests.test_injection.TestDetectorSelftest.test_every_pattern_is_covered) ... ok
test_no_pattern_is_vacuous (src.security.tests.test_injection.TestDetectorSelftest.test_no_pattern_is_vacuous) ... ok
test_benign_text_is_not_quarantined (src.security.tests.test_injection.TestScanContent.test_benign_text_is_not_quarantined) ... ok
test_destructive_delete_is_quarantined (src.security.tests.test_injection.TestScanContent.test_destructive_delete_is_quarantined) ... ok
test_hostile_input_never_raises (src.security.tests.test_injection.TestScanContent.test_hostile_input_never_raises) ... ok
test_instruction_override_is_quarantined (src.security.tests.test_injection.TestScanContent.test_instruction_override_is_quarantined) ... ok
test_non_string_input_fails_closed (src.security.tests.test_injection.TestScanContent.test_non_string_input_fails_closed) ... ok
test_pipe_to_shell_is_quarantined (src.security.tests.test_injection.TestScanContent.test_pipe_to_shell_is_quarantined) ... ok
test_reasons_are_sorted_and_unique (src.security.tests.test_injection.TestScanContent.test_reasons_are_sorted_and_unique) ... ok
test_sanitized_text_is_redacted (src.security.tests.test_injection.TestScanContent.test_sanitized_text_is_redacted) ... ok
test_all_quarantine_keys_are_detected (src.security.tests.test_injection.TestScanToolOutput.test_all_quarantine_keys_are_detected) ... ok
test_benign_mapping_is_clean (src.security.tests.test_injection.TestScanToolOutput.test_benign_mapping_is_clean) ... ok
test_bytes_payload_is_scanned (src.security.tests.test_injection.TestScanToolOutput.test_bytes_payload_is_scanned) ... ok
test_instruction_key_is_quarantined (src.security.tests.test_injection.TestScanToolOutput.test_instruction_key_is_quarantined) ... ok
test_nested_instruction_key_is_quarantined (src.security.tests.test_injection.TestScanToolOutput.test_nested_instruction_key_is_quarantined) ... ok
test_pipe_to_shell_in_value_is_quarantined (src.security.tests.test_injection.TestScanToolOutput.test_pipe_to_shell_in_value_is_quarantined) ... ok
test_allowed_action_is_allowed (src.security.tests.test_permissions.TestDenyByDefault.test_allowed_action_is_allowed) ... ok
test_default_allow_still_denies_unknown_action (src.security.tests.test_permissions.TestDenyByDefault.test_default_allow_still_denies_unknown_action) ... ok
test_deny_wins_regardless_of_set_order (src.security.tests.test_permissions.TestDenyByDefault.test_deny_wins_regardless_of_set_order) ... ok
test_explicit_deny_beats_allow (src.security.tests.test_permissions.TestDenyByDefault.test_explicit_deny_beats_allow) ... ok
test_unknown_action_fails_closed (src.security.tests.test_permissions.TestDenyByDefault.test_unknown_action_fails_closed) ... ok
test_assert_authorized_raises_human_gate_required (src.security.tests.test_permissions.TestHumanGate.test_assert_authorized_raises_human_gate_required) ... ok
test_assert_authorized_raises_permission_denied (src.security.tests.test_permissions.TestHumanGate.test_assert_authorized_raises_permission_denied) ... ok
test_assert_authorized_returns_decision_when_allowed (src.security.tests.test_permissions.TestHumanGate.test_assert_authorized_returns_decision_when_allowed) ... ok
test_human_gate_action_is_never_directly_usable (src.security.tests.test_permissions.TestHumanGate.test_human_gate_action_is_never_directly_usable) ... ok
test_empty_action_string_is_refused (src.security.tests.test_permissions.TestUnknownTargets.test_empty_action_string_is_refused) ... ok
test_empty_subject_is_refused (src.security.tests.test_permissions.TestUnknownTargets.test_empty_subject_is_refused) ... ok
test_non_frozenset_collection_is_refused (src.security.tests.test_permissions.TestUnknownTargets.test_non_frozenset_collection_is_refused) ... ok
test_non_string_action_is_refused (src.security.tests.test_permissions.TestUnknownTargets.test_non_string_action_is_refused) ... ok
test_subject_binding_denies_other_subject (src.security.tests.test_permissions.TestUnknownTargets.test_subject_binding_denies_other_subject) ... ok
test_unknown_permission_target_code (src.security.tests.test_permissions.TestUnknownTargets.test_unknown_permission_target_code) ... ok
test_effective_actions_excludes_denied_and_gated (src.security.tests.test_permissions.TestWidening.test_effective_actions_excludes_denied_and_gated) ... ok
test_widen_of_admitted_action_returns_envelope_unchanged (src.security.tests.test_permissions.TestWidening.test_widen_of_admitted_action_returns_envelope_unchanged) ... ok
test_widen_of_denied_action_is_refused (src.security.tests.test_permissions.TestWidening.test_widen_of_denied_action_is_refused) ... ok
test_widen_of_human_gated_action_is_refused (src.security.tests.test_permissions.TestWidening.test_widen_of_human_gated_action_is_refused) ... ok
test_widen_of_non_admitted_action_is_refused (src.security.tests.test_permissions.TestWidening.test_widen_of_non_admitted_action_is_refused) ... ok
test_as_data_always_produces_data (src.security.tests.test_provenance.TestContentIsData.test_as_data_always_produces_data) ... ok
test_assert_data_only_passes_data (src.security.tests.test_provenance.TestContentIsData.test_assert_data_only_passes_data) ... ok
test_assert_data_only_refuses_instruction (src.security.tests.test_provenance.TestContentIsData.test_assert_data_only_refuses_instruction) ... ok
test_authority_escalation_code (src.security.tests.test_provenance.TestContentIsData.test_authority_escalation_code) ... ok
test_promote_by_registered_authority_records_owner (src.security.tests.test_provenance.TestPromotion.test_promote_by_registered_authority_records_owner) ... ok
test_promote_requires_named_owner (src.security.tests.test_provenance.TestPromotion.test_promote_requires_named_owner) ... ok
test_promote_without_registered_authority_is_refused (src.security.tests.test_provenance.TestPromotion.test_promote_without_registered_authority_is_refused) ... ok
test_empty_origin_is_refused (src.security.tests.test_provenance.TestProvenanceValidation.test_empty_origin_is_refused) ... ok
test_provenance_invalid_code (src.security.tests.test_provenance.TestProvenanceValidation.test_provenance_invalid_code) ... ok
test_unknown_kind_is_refused (src.security.tests.test_provenance.TestProvenanceValidation.test_unknown_kind_is_refused) ... ok
test_unknown_trust_is_refused (src.security.tests.test_provenance.TestProvenanceValidation.test_unknown_trust_is_refused) ... ok
test_benign_text_is_untouched (src.security.tests.test_provenance.TestStripAuthorityClaims.test_benign_text_is_untouched) ... ok
test_disregard_the_above_is_neutralized (src.security.tests.test_provenance.TestStripAuthorityClaims.test_disregard_the_above_is_neutralized) ... ok
test_imperative_phrase_is_neutralized (src.security.tests.test_provenance.TestStripAuthorityClaims.test_imperative_phrase_is_neutralized) ... ok
test_non_string_is_refused (src.security.tests.test_provenance.TestStripAuthorityClaims.test_non_string_is_refused) ... ok
test_system_colon_is_neutralized (src.security.tests.test_provenance.TestStripAuthorityClaims.test_system_colon_is_neutralized) ... ok
test_you_are_now_is_neutralized (src.security.tests.test_provenance.TestStripAuthorityClaims.test_you_are_now_is_neutralized) ... ok
test_gated_route_with_valid_token_passes (src.security.tests.test_rights.TestCanonicalGatePredicateR4.test_gated_route_with_valid_token_passes) ... ok
test_high_risk_operation_identifies_its_authority_edge (src.security.tests.test_rights.TestCanonicalGatePredicateR4.test_high_risk_operation_identifies_its_authority_edge) ... ok
test_p2_benign_operation_is_ungated (src.security.tests.test_rights.TestCanonicalGatePredicateR4.test_p2_benign_operation_is_ungated) ... ok
test_p3_benign_operation_requires_a_token (src.security.tests.test_rights.TestCanonicalGatePredicateR4.test_p3_benign_operation_requires_a_token) ... ok
test_permission_class_alone_gates_a_benign_operation (src.security.tests.test_rights.TestCanonicalGatePredicateR4.test_permission_class_alone_gates_a_benign_operation) ... ok
test_canonical_effect_risk_tier_domain_is_exact (src.security.tests.test_rights.TestCanonicalRuinAndRiskTierR5.test_canonical_effect_risk_tier_domain_is_exact) ... ok
test_critical_and_high_are_risk_gated_canonically (src.security.tests.test_rights.TestCanonicalRuinAndRiskTierR5.test_critical_and_high_are_risk_gated_canonically) ... ok
test_legacy_ruin_class_alias_is_accepted_only_when_canonical_absent (src.security.tests.test_rights.TestCanonicalRuinAndRiskTierR5.test_legacy_ruin_class_alias_is_accepted_only_when_canonical_absent) ... ok
test_low_and_medium_are_the_low_risk_positive_control (src.security.tests.test_rights.TestCanonicalRuinAndRiskTierR5.test_low_and_medium_are_the_low_risk_positive_control) ... ok
test_malformed_effect_risk_tier_fails_closed_not_ungated (src.security.tests.test_rights.TestCanonicalRuinAndRiskTierR5.test_malformed_effect_risk_tier_fails_closed_not_ungated) ... ok
test_malformed_permission_class_fails_closed_not_ungated (src.security.tests.test_rights.TestCanonicalRuinAndRiskTierR5.test_malformed_permission_class_fails_closed_not_ungated) ... ok
test_ruin_and_unknown_ruin_are_carried_by_effect_risk_tier (src.security.tests.test_rights.TestCanonicalRuinAndRiskTierR5.test_ruin_and_unknown_ruin_are_carried_by_effect_risk_tier) ... ok
test_ruin_with_valid_token_is_hard_veto (src.security.tests.test_rights.TestCanonicalRuinAndRiskTierR5.test_ruin_with_valid_token_is_hard_veto) ... ok
test_ruin_without_token_is_hard_veto_not_token_required (src.security.tests.test_rights.TestCanonicalRuinAndRiskTierR5.test_ruin_without_token_is_hard_veto_not_token_required) ... ok
test_t3_benign_operation_requires_a_token (src.security.tests.test_rights.TestCanonicalRuinAndRiskTierR5.test_t3_benign_operation_requires_a_token) ... ok
test_unknown_operation_agrees_between_route_and_predicate (src.security.tests.test_rights.TestCanonicalRuinAndRiskTierR5.test_unknown_operation_agrees_between_route_and_predicate) ... ok
test_unknown_ruin_with_valid_token_is_safe_stop (src.security.tests.test_rights.TestCanonicalRuinAndRiskTierR5.test_unknown_ruin_with_valid_token_is_safe_stop) ... ok
test_entitled_action_is_allowed (src.security.tests.test_rights.TestCheckRights.test_entitled_action_is_allowed) ... ok
test_expired_scope_denied (src.security.tests.test_rights.TestCheckRights.test_expired_scope_denied) ... ok
test_expiring_scope_without_now_fails_closed (src.security.tests.test_rights.TestCheckRights.test_expiring_scope_without_now_fails_closed) ... ok
test_high_risk_entitlement_still_needs_gate (src.security.tests.test_rights.TestCheckRights.test_high_risk_entitlement_still_needs_gate) ... ok
test_malformed_expiry_fails_closed (src.security.tests.test_rights.TestCheckRights.test_malformed_expiry_fails_closed) ... ok
test_none_expiry_never_means_expired (src.security.tests.test_rights.TestCheckRights.test_none_expiry_never_means_expired) ... ok
test_revoked_scope_denied (src.security.tests.test_rights.TestCheckRights.test_revoked_scope_denied) ... ok
test_unknown_entitlement_denied (src.security.tests.test_rights.TestCheckRights.test_unknown_entitlement_denied) ... ok
test_unknown_scope_fails_closed (src.security.tests.test_rights.TestCheckRights.test_unknown_scope_fails_closed) ... ok
test_wrong_subject_is_denied (src.security.tests.test_rights.TestCheckRights.test_wrong_subject_is_denied) ... ok
test_code_is_stable (src.security.tests.test_rights.TestCredentialScope.test_code_is_stable) ... ok
test_empty_credential_scope_permits_nothing (src.security.tests.test_rights.TestCredentialScope.test_empty_credential_scope_permits_nothing) ... ok
test_in_scope_use_passes (src.security.tests.test_rights.TestCredentialScope.test_in_scope_use_passes) ... ok
test_out_of_scope_use_is_denied (src.security.tests.test_rights.TestCredentialScope.test_out_of_scope_use_is_denied) ... ok
test_revoked_scope_denies_credential_use (src.security.tests.test_rights.TestCredentialScope.test_revoked_scope_denies_credential_use) ... ok
test_route_dataclass_is_frozen (src.security.tests.test_rights.TestCredentialScope.test_route_dataclass_is_frozen) ... ok
test_wrong_subject_denied (src.security.tests.test_rights.TestCredentialScope.test_wrong_subject_denied) ... ok
test_every_high_risk_action_is_gated (src.security.tests.test_rights.TestHumanGateRoute.test_every_high_risk_action_is_gated) ... ok
test_low_risk_action_is_ungated (src.security.tests.test_rights.TestHumanGateRoute.test_low_risk_action_is_ungated) ... ok
test_unknown_action_is_gated (src.security.tests.test_rights.TestHumanGateRoute.test_unknown_action_is_gated) ... ok
test_code_is_stable (src.security.tests.test_rights.TestHumanGateSatisfaction.test_code_is_stable) ... ok
test_missing_approval_ref_is_a_bypass_attempt (src.security.tests.test_rights.TestHumanGateSatisfaction.test_missing_approval_ref_is_a_bypass_attempt) ... ok
test_none_approval_ref_is_a_bypass_attempt (src.security.tests.test_rights.TestHumanGateSatisfaction.test_none_approval_ref_is_a_bypass_attempt) ... ok
test_self_issued_string_is_no_longer_an_approval (src.security.tests.test_rights.TestHumanGateSatisfaction.test_self_issued_string_is_no_longer_an_approval) ... ok
test_syntactic_string_is_no_longer_an_approval (src.security.tests.test_rights.TestHumanGateSatisfaction.test_syntactic_string_is_no_longer_an_approval) ... ok
test_ungated_route_is_honoured_only_when_rederivation_agrees (src.security.tests.test_rights.TestHumanGateSatisfaction.test_ungated_route_is_honoured_only_when_rederivation_agrees) ... ok
test_ungated_route_without_a_request_fails_closed (src.security.tests.test_rights.TestHumanGateSatisfaction.test_ungated_route_without_a_request_fails_closed) ... ok
test_unknown_route_fails_closed (src.security.tests.test_rights.TestHumanGateSatisfaction.test_unknown_route_fails_closed) ... ok
test_verified_exact_bound_token_passes (src.security.tests.test_rights.TestHumanGateSatisfaction.test_verified_exact_bound_token_passes) ... ok
test_real_signature_passes (src.security.tests.test_rights.TestRealEd25519SeamR4.test_real_signature_passes) ... ok
test_unknown_key_is_refused (src.security.tests.test_rights.TestRealEd25519SeamR4.test_unknown_key_is_refused) ... ok
test_ruin_route_and_veto (src.security.tests.test_rights.TestRuinPrecedenceR4.test_ruin_route_and_veto) ... ok
test_unknown_ruin_route_and_safe_stop (src.security.tests.test_rights.TestRuinPrecedenceR4.test_unknown_ruin_route_and_safe_stop) ... ok
test_valid_token_cannot_override_ruin (src.security.tests.test_rights.TestRuinPrecedenceR4.test_valid_token_cannot_override_ruin) ... ok
test_all_pinned_passes (src.security.tests.test_supplychain.TestAssertNoUnpinned.test_all_pinned_passes) ... ok
test_empty_universe_passes (src.security.tests.test_supplychain.TestAssertNoUnpinned.test_empty_universe_passes) ... ok
test_none_universe_fails_closed (src.security.tests.test_supplychain.TestAssertNoUnpinned.test_none_universe_fails_closed) ... ok
test_unpinned_in_list_raises (src.security.tests.test_supplychain.TestAssertNoUnpinned.test_unpinned_in_list_raises) ... ok
test_bad_license_marks_dirty (src.security.tests.test_supplychain.TestAudit.test_bad_license_marks_dirty) ... ok
test_empty_universe_is_clean (src.security.tests.test_supplychain.TestAudit.test_empty_universe_is_clean) ... ok
test_failures_surface_per_item (src.security.tests.test_supplychain.TestAudit.test_failures_surface_per_item) ... ok
test_fully_admitted_dependency_is_clean (src.security.tests.test_supplychain.TestAudit.test_fully_admitted_dependency_is_clean) ... ok
test_hash_mismatch_marks_dirty (src.security.tests.test_supplychain.TestAudit.test_hash_mismatch_marks_dirty) ... ok
test_unpinned_marks_dirty (src.security.tests.test_supplychain.TestAudit.test_unpinned_marks_dirty) ... ok
test_allowed_license_passes (src.security.tests.test_supplychain.TestLicense.test_allowed_license_passes) ... ok
test_code_is_stable (src.security.tests.test_supplychain.TestLicense.test_code_is_stable) ... ok
test_malformed_policy_fails_closed (src.security.tests.test_supplychain.TestLicense.test_malformed_policy_fails_closed) ... ok
test_missing_license_raises (src.security.tests.test_supplychain.TestLicense.test_missing_license_raises) ... ok
test_unknown_license_raises (src.security.tests.test_supplychain.TestLicense.test_unknown_license_raises) ... ok
test_codes_are_stable (src.security.tests.test_supplychain.TestVerifyPin.test_codes_are_stable) ... ok
test_hash_case_insensitive (src.security.tests.test_supplychain.TestVerifyPin.test_hash_case_insensitive) ... ok
test_matching_hash_passes (src.security.tests.test_supplychain.TestVerifyPin.test_matching_hash_passes) ... ok
test_mismatched_hash_raises (src.security.tests.test_supplychain.TestVerifyPin.test_mismatched_hash_raises) ... ok
test_missing_actual_hash_raises (src.security.tests.test_supplychain.TestVerifyPin.test_missing_actual_hash_raises) ... ok
test_missing_pinned_hash_raises (src.security.tests.test_supplychain.TestVerifyPin.test_missing_pinned_hash_raises) ... ok
test_unknown_dependency_raises (src.security.tests.test_supplychain.TestVerifyPin.test_unknown_dependency_raises) ... ok
test_unpinned_raises (src.security.tests.test_supplychain.TestVerifyPin.test_unpinned_raises) ... ok
test_all_proxies_green_with_one_veto_stays_vetoed (src.security.tests.test_veto.TestProxyCannotOverride.test_all_proxies_green_with_one_veto_stays_vetoed) ... ok
test_ambiguous_proxy_value_is_not_a_veto (src.security.tests.test_veto.TestProxyCannotOverride.test_ambiguous_proxy_value_is_not_a_veto) ... ok
test_proxies_are_recorded_even_when_clean (src.security.tests.test_veto.TestProxyCannotOverride.test_proxies_are_recorded_even_when_clean) ... ok
test_proxy_signal_in_signals_is_not_a_veto (src.security.tests.test_veto.TestProxyCannotOverride.test_proxy_signal_in_signals_is_not_a_veto) ... ok
test_veto_decision_is_frozen (src.security.tests.test_veto.TestProxyCannotOverride.test_veto_decision_is_frozen) ... ok
test_ambiguous_none_is_active (src.security.tests.test_veto.TestVetoSignals.test_ambiguous_none_is_active) ... ok
test_ambiguous_truthy_string_is_active (src.security.tests.test_veto.TestVetoSignals.test_ambiguous_truthy_string_is_active) ... ok
test_any_single_active_signal_vetoes (src.security.tests.test_veto.TestVetoSignals.test_any_single_active_signal_vetoes) ... ok
test_assert_not_vetoed_fails_closed_on_unknown_object (src.security.tests.test_veto.TestVetoSignals.test_assert_not_vetoed_fails_closed_on_unknown_object) ... ok
test_assert_not_vetoed_raises (src.security.tests.test_veto.TestVetoSignals.test_assert_not_vetoed_raises) ... ok
test_assert_not_vetoed_returns_clean_decision (src.security.tests.test_veto.TestVetoSignals.test_assert_not_vetoed_returns_clean_decision) ... ok
test_code_is_stable (src.security.tests.test_veto.TestVetoSignals.test_code_is_stable) ... ok
test_iterable_of_names_is_active (src.security.tests.test_veto.TestVetoSignals.test_iterable_of_names_is_active) ... ok
test_literal_false_means_not_active (src.security.tests.test_veto.TestVetoSignals.test_literal_false_means_not_active) ... ok
test_no_signal_is_not_vetoed (src.security.tests.test_veto.TestVetoSignals.test_no_signal_is_not_vetoed) ... ok
test_unknown_container_fails_closed (src.security.tests.test_veto.TestVetoSignals.test_unknown_container_fails_closed) ... ok
test_unknown_signal_fails_closed (src.security.tests.test_veto.TestVetoSignals.test_unknown_signal_fails_closed) ... ok

----------------------------------------------------------------------
Ran 337 tests in 0.075s

OK

